[    0.000000] Initializing cgroup subsys cpuset
[    0.000000] Initializing cgroup subsys cpu
[    0.000000] Initializing cgroup subsys cpuacct
[    0.000000] Linux version 4.4.0-146-generic (buildd@lcy01-amd64-025) (gcc version 5.4.0 20160609 (Ubuntu 5.4.0-6ubuntu1~16.04.10) ) #172-Ubuntu SMP Wed Apr 3 09:00:08 UTC 2019 (Ubuntu 4.4.0-146.172-generic 4.4.177)
[    0.000000] Command line: BOOT_IMAGE=/boot/vmlinuz-4.4.0-146-generic root=LABEL=cloudimg-rootfs ro console=tty1 console=ttyS0
[    0.000000] KERNEL supported cpus:
[    0.000000]   Intel GenuineIntel
[    0.000000]   AMD AuthenticAMD
[    0.000000]   Centaur CentaurHauls
[    0.000000] x86/fpu: xstate_offset[2]:  576, xstate_sizes[2]:  256
[    0.000000] x86/fpu: Supporting XSAVE feature 0x01: 'x87 floating point registers'
[    0.000000] x86/fpu: Supporting XSAVE feature 0x02: 'SSE registers'
[    0.000000] x86/fpu: Supporting XSAVE feature 0x04: 'AVX registers'
[    0.000000] x86/fpu: Enabled xstate features 0x7, context size is 832 bytes, using 'standard' format.
[    0.000000] e820: BIOS-provided physical RAM map:
[    0.000000] BIOS-e820: [mem 0x0000000000000000-0x000000000009fbff] usable
[    0.000000] BIOS-e820: [mem 0x000000000009fc00-0x000000000009ffff] reserved
[    0.000000] BIOS-e820: [mem 0x00000000000f0000-0x00000000000fffff] reserved
[    0.000000] BIOS-e820: [mem 0x0000000000100000-0x000000003ffeffff] usable
[    0.000000] BIOS-e820: [mem 0x000000003fff0000-0x000000003fffffff] ACPI data
[    0.000000] BIOS-e820: [mem 0x00000000fec00000-0x00000000fec00fff] reserved
[    0.000000] BIOS-e820: [mem 0x00000000fee00000-0x00000000fee00fff] reserved
[    0.000000] BIOS-e820: [mem 0x00000000fffc0000-0x00000000ffffffff] reserved
[    0.000000] NX (Execute Disable) protection: active
[    0.000000] SMBIOS 2.5 present.
[    0.000000] Hypervisor detected: KVM
[    0.000000] e820: last_pfn = 0x3fff0 max_arch_pfn = 0x400000000
[    0.000000] MTRR: Disabled
[    0.000000] x86/PAT: MTRRs disabled, skipping PAT initialization too.
[    0.000000] CPU MTRRs all blank - virtualized system.
[    0.000000] x86/PAT: Configuration [0-7]: WB  WT  UC- UC  WB  WT  UC- UC  
[    0.000000] found SMP MP-table at [mem 0x0009fff0-0x0009ffff] mapped at [ffff88000009fff0]
[    0.000000] Scanning 1 areas for low memory corruption
[    0.000000] RAMDISK: [mem 0x362fa000-0x37174fff]
[    0.000000] ACPI: Early table checksum verification disabled
[    0.000000] ACPI: RSDP 0x00000000000E0000 000024 (v02 VBOX  )
[    0.000000] ACPI: XSDT 0x000000003FFF0030 00003C (v01 VBOX   VBOXXSDT 00000001 ASL  00000061)
[    0.000000] ACPI: FACP 0x000000003FFF00F0 0000F4 (v04 VBOX   VBOXFACP 00000001 ASL  00000061)
[    0.000000] ACPI: DSDT 0x000000003FFF0470 0022EA (v02 VBOX   VBOXBIOS 00000002 INTL 20100528)
[    0.000000] ACPI: FACS 0x000000003FFF0200 000040
[    0.000000] ACPI: FACS 0x000000003FFF0200 000040
[    0.000000] ACPI: APIC 0x000000003FFF0240 00005C (v02 VBOX   VBOXAPIC 00000001 ASL  00000061)
[    0.000000] ACPI: SSDT 0x000000003FFF02A0 0001CC (v01 VBOX   VBOXCPUT 00000002 INTL 20100528)
[    0.000000] No NUMA configuration found
[    0.000000] Faking a node at [mem 0x0000000000000000-0x000000003ffeffff]
[    0.000000] NODE_DATA(0) allocated [mem 0x3ffeb000-0x3ffeffff]
[    0.000000] kvm-clock: Using msrs 4b564d01 and 4b564d00
[    0.000000] kvm-clock: cpu 0, msr 0:3ffe3001, primary cpu clock
[    0.000000] kvm-clock: using sched offset of 8517847269 cycles
[    0.000000] clocksource: kvm-clock: mask: 0xffffffffffffffff max_cycles: 0x1cd42e4dffb, max_idle_ns: 881590591483 ns
[    0.000000] Zone ranges:
[    0.000000]   DMA      [mem 0x0000000000001000-0x0000000000ffffff]
[    0.000000]   DMA32    [mem 0x0000000001000000-0x000000003ffeffff]
[    0.000000]   Normal   empty
[    0.000000]   Device   empty
[    0.000000] Movable zone start for each node
[    0.000000] Early memory node ranges
[    0.000000]   node   0: [mem 0x0000000000001000-0x000000000009efff]
[    0.000000]   node   0: [mem 0x0000000000100000-0x000000003ffeffff]
[    0.000000] Initmem setup node 0 [mem 0x0000000000001000-0x000000003ffeffff]
[    0.000000] ACPI: PM-Timer IO Port: 0x4008
[    0.000000] IOAPIC[0]: apic_id 2, version 32, address 0xfec00000, GSI 0-23
[    0.000000] ACPI: INT_SRC_OVR (bus 0 bus_irq 0 global_irq 2 dfl dfl)
[    0.000000] ACPI: INT_SRC_OVR (bus 0 bus_irq 9 global_irq 9 low level)
[    0.000000] Using ACPI (MADT) for SMP configuration information
[    0.000000] smpboot: Allowing 2 CPUs, 0 hotplug CPUs
[    0.000000] PM: Registered nosave memory: [mem 0x00000000-0x00000fff]
[    0.000000] PM: Registered nosave memory: [mem 0x0009f000-0x0009ffff]
[    0.000000] PM: Registered nosave memory: [mem 0x000a0000-0x000effff]
[    0.000000] PM: Registered nosave memory: [mem 0x000f0000-0x000fffff]
[    0.000000] e820: [mem 0x40000000-0xfebfffff] available for PCI devices
[    0.000000] Booting paravirtualized kernel on KVM
[    0.000000] clocksource: refined-jiffies: mask: 0xffffffff max_cycles: 0xffffffff, max_idle_ns: 7645519600211568 ns
[    0.000000] setup_percpu: NR_CPUS:512 nr_cpumask_bits:512 nr_cpu_ids:2 nr_node_ids:1
[    0.000000] PERCPU: Embedded 34 pages/cpu @ffff88003fc00000 s99480 r8192 d31592 u1048576
[    0.000000] Built 1 zonelists in Node order, mobility grouping on.  Total pages: 257912
[    0.000000] Policy zone: DMA32
[    0.000000] Kernel command line: BOOT_IMAGE=/boot/vmlinuz-4.4.0-146-generic root=LABEL=cloudimg-rootfs ro console=tty1 console=ttyS0
[    0.000000] PID hash table entries: 4096 (order: 3, 32768 bytes)
[    0.000000] Memory: 997732K/1048120K available (8609K kernel code, 1334K rwdata, 4028K rodata, 1484K init, 1284K bss, 50388K reserved, 0K cma-reserved)
[    0.000000] SLUB: HWalign=64, Order=0-3, MinObjects=0, CPUs=2, Nodes=1
[    0.000000] Kernel/User page tables isolation: enabled
[    0.000000] Hierarchical RCU implementation.
[    0.000000] 	Build-time adjustment of leaf fanout to 64.
[    0.000000] 	RCU restricting CPUs from NR_CPUS=512 to nr_cpu_ids=2.
[    0.000000] RCU: Adjusting geometry for rcu_fanout_leaf=64, nr_cpu_ids=2
[    0.000000] NR_IRQS:33024 nr_irqs:440 16
[    0.000000] Console: colour VGA+ 80x25
[    0.000000] console [tty1] enabled
[    0.000000] console [ttyS0] enabled
[    0.000000] tsc: Detected 1599.999 MHz processor
[    0.344241] Calibrating delay loop (skipped) preset value.. 3199.99 BogoMIPS (lpj=6399996)
[    0.349103] pid_max: default: 32768 minimum: 301
[    0.351786] ACPI: Core revision 20150930
[    0.354967] ACPI: 2 ACPI AML tables successfully acquired and loaded
[    0.359368] Security Framework initialized
[    0.361836] Yama: becoming mindful.
[    0.363957] AppArmor: AppArmor initialized
[    0.366353] Dentry cache hash table entries: 131072 (order: 8, 1048576 bytes)
[    0.372816] Inode-cache hash table entries: 65536 (order: 7, 524288 bytes)
[    0.376632] Mount-cache hash table entries: 2048 (order: 2, 16384 bytes)
[    0.380347] Mountpoint-cache hash table entries: 2048 (order: 2, 16384 bytes)
[    0.384450] Initializing cgroup subsys io
[    0.386847] Initializing cgroup subsys memory
[    0.389329] Initializing cgroup subsys devices
[    0.392316] Initializing cgroup subsys freezer
[    0.394807] Initializing cgroup subsys net_cls
[    0.397227] Initializing cgroup subsys perf_event
[    0.400252] Initializing cgroup subsys net_prio
[    0.402797] Initializing cgroup subsys hugetlb
[    0.405269] Initializing cgroup subsys pids
[    0.408730] mce: CPU supports 0 MCE banks
[    0.411055] Last level iTLB entries: 4KB 64, 2MB 8, 4MB 8
[    0.414187] Last level dTLB entries: 4KB 64, 2MB 0, 4MB 0, 1GB 4
[    0.417477] Spectre V2 : Mitigation: Full generic retpoline
[    0.420691] Spectre V2 : Spectre v2 / SpectreRSB mitigation: Filling RSB on context switch
[    0.425413] Speculative Store Bypass: Vulnerable
[    0.431344] Freeing SMP alternatives memory: 36K
[    0.440319] ftrace: allocating 32287 entries in 127 pages
[    0.511127] smpboot: APIC(0) Converting physical 0 to logical package 0
[    0.514903] smpboot: Max logical packages: 1
[    0.517712] x2apic enabled
[    0.519604] Switched APIC routing to physical x2apic.
[    0.523941] ..TIMER: vector=0x30 apic1=0 pin1=2 apic2=-1 pin2=-1
[    0.634172] smpboot: CPU0: Intel(R) Core(TM) i5-5250U CPU @ 1.60GHz (family: 0x6, model: 0x3d, stepping: 0x4)
[    0.639893] Performance Events: unsupported p6 CPU model 61 no PMU driver, software events only.
[    0.656931] KVM setup paravirtual spinlock
[    0.660471] x86: Booting SMP configuration:
[    0.662825] .... node  #0, CPUs:      #1
[    0.665169] kvm-clock: cpu 1, msr 0:3ffe3041, secondary cpu clock
[    0.669718] mce: CPU supports 0 MCE banks
[    0.674019] x86: Booted up 1 node, 2 CPUs
[    0.676762] smpboot: Total of 2 processors activated (6399.99 BogoMIPS)
[    0.680736] devtmpfs: initialized
[    0.684116] evm: security.selinux
[    0.686036] evm: security.SMACK64
[    0.687993] evm: security.SMACK64EXEC
[    0.690066] evm: security.SMACK64TRANSMUTE
[    0.693349] evm: security.SMACK64MMAP
[    0.695484] evm: security.ima
[    0.697390] evm: security.capability
[    0.699904] clocksource: jiffies: mask: 0xffffffff max_cycles: 0xffffffff, max_idle_ns: 7645041785100000 ns
[    0.705084] futex hash table entries: 512 (order: 3, 32768 bytes)
[    0.709631] pinctrl core: initialized pinctrl subsystem
[    0.712636] RTC time: 12:33:27, date: 05/14/19
[    0.715337] NET: Registered protocol family 16
[    0.726924] cpuidle: using governor ladder
[    0.743116] cpuidle: using governor menu
[    0.746191] PCCT header not found.
[    0.748475] ACPI: bus type PCI registered
[    0.750922] acpiphp: ACPI Hot Plug PCI Controller Driver version: 0.5
[    0.754565] PCI: Using configuration type 1 for base access
[    0.776570] ACPI: Added _OSI(Module Device)
[    0.779641] ACPI: Added _OSI(Processor Device)
[    0.782299] ACPI: Added _OSI(3.0 _SCP Extensions)
[    0.784847] ACPI: Added _OSI(Processor Aggregator Device)
[    0.788688] ACPI: Executed 1 blocks of module-level executable AML code
[    0.795471] ACPI: Interpreter enabled
[    0.797561] ACPI: (supports S0 S5)
[    0.799496] ACPI: Using IOAPIC for interrupt routing
[    0.802334] PCI: Using host bridge windows from ACPI; if necessary, use "pci=nocrs" and report a bug
[    0.813168] ACPI: PCI Root Bridge [PCI0] (domain 0000 [bus 00-ff])
[    0.816594] acpi PNP0A03:00: _OSC: OS supports [ASPM ClockPM Segments MSI]
[    0.820465] acpi PNP0A03:00: _OSC: not requesting OS control; OS requires [ExtendedConfig ASPM ClockPM MSI]
[    0.826479] acpi PNP0A03:00: fail to add MMCONFIG information, can't access extended PCI configuration space under this bridge.
[    0.833350] PCI host bridge to bus 0000:00
[    0.835686] pci_bus 0000:00: root bus resource [io  0x0000-0x0cf7 window]
[    0.839468] pci_bus 0000:00: root bus resource [io  0x0d00-0xffff window]
[    0.843102] pci_bus 0000:00: root bus resource [mem 0x000a0000-0x000bffff window]
[    0.847339] pci_bus 0000:00: root bus resource [mem 0x40000000-0xfdffffff window]
[    0.851767] pci_bus 0000:00: root bus resource [bus 00-ff]
[    0.860721] pci 0000:00:01.1: legacy IDE quirk: reg 0x10: [io  0x01f0-0x01f7]
[    0.864950] pci 0000:00:01.1: legacy IDE quirk: reg 0x14: [io  0x03f6]
[    0.869050] pci 0000:00:01.1: legacy IDE quirk: reg 0x18: [io  0x0170-0x0177]
[    0.875126] pci 0000:00:01.1: legacy IDE quirk: reg 0x1c: [io  0x0376]
[    0.911365] pci 0000:00:07.0: quirk: [io  0x4000-0x403f] claimed by PIIX4 ACPI
[    0.918426] pci 0000:00:07.0: quirk: [io  0x4100-0x410f] claimed by PIIX4 SMB
[    0.983839] ACPI: PCI Interrupt Link [LNKA] (IRQs 5 9 10 *11)
[    0.994303] ACPI: PCI Interrupt Link [LNKB] (IRQs 5 9 *10 11)
[    1.001892] ACPI: PCI Interrupt Link [LNKC] (IRQs 5 *9 10 11)
[    1.009151] ACPI: PCI Interrupt Link [LNKD] (IRQs 5 9 10 *11)
[    1.016845] ACPI: Enabled 2 GPEs in block 00 to 07
[    1.022758] vgaarb: setting as boot device: PCI:0000:00:02.0
[    1.026730] vgaarb: device added: PCI:0000:00:02.0,decodes=io+mem,owns=io+mem,locks=none
[    1.031553] vgaarb: loaded
[    1.033604] vgaarb: bridge control possible 0000:00:02.0
[    1.039917] SCSI subsystem initialized
[    1.042255] ACPI: bus type USB registered
[    1.044550] usbcore: registered new interface driver usbfs
[    1.047796] usbcore: registered new interface driver hub
[    1.051061] usbcore: registered new device driver usb
[    1.054241] PCI: Using ACPI for IRQ routing
[    1.057003] NetLabel: Initializing
[    1.059750] NetLabel:  domain hash size = 128
[    1.062166] NetLabel:  protocols = UNLABELED CIPSOv4
[    1.066925] NetLabel:  unlabeled traffic allowed by default
[    1.070155] amd_nb: Cannot enumerate AMD northbridges
[    1.073227] clocksource: Switched to clocksource kvm-clock
[    1.086038] AppArmor: AppArmor Filesystem Enabled
[    1.088859] pnp: PnP ACPI init
[    1.093215] pnp: PnP ACPI: found 3 devices
[    1.107948] clocksource: acpi_pm: mask: 0xffffff max_cycles: 0xffffff, max_idle_ns: 2085701024 ns
[    1.113008] NET: Registered protocol family 2
[    1.115613] TCP established hash table entries: 8192 (order: 4, 65536 bytes)
[    1.119459] TCP bind hash table entries: 8192 (order: 5, 131072 bytes)
[    1.122960] TCP: Hash tables configured (established 8192 bind 8192)
[    1.126696] UDP hash table entries: 512 (order: 2, 16384 bytes)
[    1.129844] UDP-Lite hash table entries: 512 (order: 2, 16384 bytes)
[    1.133189] NET: Registered protocol family 1
[    1.135667] pci 0000:00:00.0: Limiting direct PCI/PCI transfers
[    1.139384] pci 0000:00:01.0: Activating ISA DMA hang workarounds
[    1.143351] Unpacking initramfs...
[    1.420756] Freeing initrd memory: 14828K
[    1.423832] RAPL PMU detected, API unit is 2^-32 Joules, 4 fixed counters 10737418240 ms ovfl timer
[    1.428834] hw unit of domain pp0-core 2^-0 Joules
[    1.431592] hw unit of domain package 2^-0 Joules
[    1.434271] hw unit of domain dram 2^-0 Joules
[    1.436749] hw unit of domain pp1-gpu 2^-0 Joules
[    1.439692] platform rtc_cmos: registered platform RTC device (no PNP device found)
[    1.444274] Scanning for low memory corruption every 60 seconds
[    1.448316] audit: initializing netlink subsys (disabled)
[    1.451244] audit: type=2000 audit(1557837217.170:1): initialized
[    1.454991] Initialise system trusted keyring
[    1.458090] HugeTLB registered 2 MB page size, pre-allocated 0 pages
[    1.463729] zbud: loaded
[    1.465758] VFS: Disk quotas dquot_6.6.0
[    1.467936] VFS: Dquot-cache hash table entries: 512 (order 0, 4096 bytes)
[    1.472090] squashfs: version 4.0 (2009/01/31) Phillip Lougher
[    1.476024] fuse init (API version 7.23)
[    1.478488] Key type big_key registered
[    1.480888] Allocating IMA MOK and blacklist keyrings.
[    1.487796] Key type asymmetric registered
[    1.490155] Asymmetric key parser 'x509' registered
[    1.493613] Block layer SCSI generic (bsg) driver version 0.4 loaded (major 249)
[    1.497907] io scheduler noop registered
[    1.499958] io scheduler deadline registered (default)
[    1.503009] io scheduler cfq registered
[    1.505104] pci_hotplug: PCI Hot Plug PCI Core version: 0.5
[    1.508274] pciehp: PCI Express Hot Plug Controller Driver version: 0.4
[    1.512317] ACPI: AC Adapter [AC] (off-line)
[    1.514871] input: Power Button as /devices/LNXSYSTM:00/LNXPWRBN:00/input/input0
[    1.519059] ACPI: Power Button [PWRF]
[    1.522060] input: Sleep Button as /devices/LNXSYSTM:00/LNXSLPBN:00/input/input1
[    1.526264] ACPI: Sleep Button [SLPF]
[    1.530542] ACPI: Battery Slot [BAT0] (battery present)
[    1.533474] GHES: HEST is not enabled!
[    1.535753] Serial: 8250/16550 driver, 32 ports, IRQ sharing enabled
[    1.560321] 00:02: ttyS0 at I/O 0x3f8 (irq = 4, base_baud = 115200) is a 16550A
[    1.565567] Linux agpgart interface v0.103
[    1.570530] loop: module loaded
[    1.573324] scsi host0: ata_piix
[    1.575513] scsi host1: ata_piix
[    1.577532] ata1: PATA max UDMA/33 cmd 0x1f0 ctl 0x3f6 bmdma 0xd000 irq 14
[    1.581281] ata2: PATA max UDMA/33 cmd 0x170 ctl 0x376 bmdma 0xd008 irq 15
[    1.585342] libphy: Fixed MDIO Bus: probed
[    1.587789] tun: Universal TUN/TAP device driver, 1.6
[    1.590832] tun: (C) 1999-2004 Max Krasnyansky <maxk@qualcomm.com>
[    1.594962] PPP generic driver version 2.4.2
[    1.597251] ehci_hcd: USB 2.0 'Enhanced' Host Controller (EHCI) Driver
[    1.600431] ehci-pci: EHCI PCI platform driver
[    1.603578] ehci-platform: EHCI generic platform driver
[    1.606523] ohci_hcd: USB 1.1 'Open' Host Controller (OHCI) Driver
[    1.610076] ohci-pci: OHCI PCI platform driver
[    1.612566] ohci-platform: OHCI generic platform driver
[    1.615477] uhci_hcd: USB Universal Host Controller Interface driver
[    1.619245] i8042: PNP: PS/2 Controller [PNP0303:PS2K,PNP0f03:PS2M] at 0x60,0x64 irq 1,12
[    1.624358] serio: i8042 KBD port at 0x60,0x64 irq 1
[    1.627685] serio: i8042 AUX port at 0x60,0x64 irq 12
[    1.630676] mousedev: PS/2 mouse device common for all mice
[    1.634719] rtc_cmos rtc_cmos: rtc core: registered rtc_cmos as rtc0
[    1.638079] rtc_cmos rtc_cmos: alarms up to one day, 114 bytes nvram
[    1.641705] i2c /dev entries driver
[    1.643951] input: AT Translated Set 2 keyboard as /devices/platform/i8042/serio0/input/input2
[    1.649081] device-mapper: uevent: version 1.0.3
[    1.652032] device-mapper: ioctl: 4.34.0-ioctl (2015-10-28) initialised: dm-devel@redhat.com
[    1.656862] ledtrig-cpu: registered to indicate activity on CPUs
[    1.663105] NET: Registered protocol family 10
[    1.665764] NET: Registered protocol family 17
[    1.668148] Key type dns_resolver registered
[    1.671339] registered taskstats version 1
[    1.675753] Loading compiled-in X.509 certificates
[    1.680129] Loaded X.509 cert 'Build time autogenerated kernel key: 4dcb2dc2c7cf43e0c20c44384f68683c20294489'
[    1.687453] zswap: loaded using pool lzo/zbud
[    1.694037] Key type trusted registered
[    1.700351] Key type encrypted registered
[    1.703489] AppArmor: AppArmor sha1 policy hashing enabled
[    1.707047] ima: No TPM chip found, activating TPM-bypass!
[    1.711875] ima: Allocated hash algorithm: sha1
[    1.714854] evm: HMAC attrs: 0x1
[    1.717627]   Magic number: 3:347:582
[    1.720238] rtc_cmos rtc_cmos: setting system clock to 2019-05-14 12:33:28 UTC (1557837208)
[    1.726525] BIOS EDD facility v0.16 2004-Jun-25, 0 devices found
[    1.730788] EDD information not available.
[    1.743244] Freeing unused kernel memory: 1484K
[    1.757860] Write protecting the kernel read-only data: 14336k
[    1.763823] Freeing unused kernel memory: 1620K
[    1.767708] Freeing unused kernel memory: 68K
Loading, please wait...
starting version 229
[    1.791328] random: systemd-udevd: uninitialized urandom read (16 bytes read, 3 bits of entropy available)
[    1.793350] random: udevadm: uninitialized urandom read (16 bytes read, 3 bits of entropy available)
[    1.793467] random: udevadm: uninitialized urandom read (16 bytes read, 3 bits of entropy available)
[    1.814605] random: udevadm: uninitialized urandom read (16 bytes read, 3 bits of entropy available)
[    1.814690] random: udevadm: uninitialized urandom read (16 bytes read, 3 bits of entropy available)
[    1.815547] random: udevadm: uninitialized urandom read (16 bytes read, 3 bits of entropy available)
[    1.815645] random: udevadm: uninitialized urandom read (16 bytes read, 3 bits of entropy available)
[    1.815738] random: udevadm: uninitialized urandom read (16 bytes read, 3 bits of entropy available)
[    1.815893] random: udevadm: uninitialized urandom read (16 bytes read, 3 bits of entropy available)
[    1.816243] random: udevadm: uninitialized urandom read (16 bytes read, 3 bits of entropy available)
[    1.960178] e1000: Intel(R) PRO/1000 Network Driver - version 7.3.21-k8-NAPI
[    1.966707] e1000: Copyright (c) 1999-2006 Intel Corporation.
[    1.972362] Fusion MPT base driver 3.04.20
[    1.981363] Copyright (c) 1999-2008 LSI Corporation
[    2.049037] AVX2 version of gcm_enc/dec engaged.
[    2.054554] AES CTR mode by8 optimization enabled
[    2.062143] Fusion MPT SPI Host driver 3.04.20
[    2.247671] input: ImExPS/2 Generic Explorer Mouse as /devices/platform/i8042/serio1/input/input4
[    2.437664] tsc: Refined TSC clocksource calibration: 1600.876 MHz
[    2.446097] clocksource: tsc: mask: 0xffffffffffffffff max_cycles: 0x17136081e86, max_idle_ns: 440795237889 ns
[    3.386316] e1000 0000:00:03.0 eth0: (PCI:33MHz:32-bit) 02:3a:f4:24:e2:72
[    3.391758] e1000 0000:00:03.0 eth0: Intel(R) PRO/1000 Network Connection
[    4.384742] e1000 0000:00:08.0 eth1: (PCI:33MHz:32-bit) 08:00:27:c6:cf:83
[    4.388609] e1000 0000:00:08.0 eth1: Intel(R) PRO/1000 Network Connection
[    4.394101] mptbase: ioc0: Initiating bringup
[    4.394826] e1000 0000:00:08.0 enp0s8: renamed from eth1
[    4.411136] e1000 0000:00:03.0 enp0s3: renamed from eth0
[    4.469767] ioc0: LSI53C1030 A0: Capabilities={Initiator}
[    4.643668] scsi host2: ioc0: LSI53C1030 A0, FwRev=00000000h, Ports=1, MaxQ=256, IRQ=20
[    4.767604] scsi 2:0:0:0: Direct-Access     VBOX     HARDDISK         1.0  PQ: 0 ANSI: 5
[    4.775269] scsi target2:0:0: Beginning Domain Validation
[    4.782250] scsi target2:0:0: Domain Validation skipping write tests
[    4.785599] scsi target2:0:0: Ending Domain Validation
[    4.799927] scsi target2:0:0: asynchronous
[    4.804988] scsi 2:0:1:0: Direct-Access     VBOX     HARDDISK         1.0  PQ: 0 ANSI: 5
[    4.809322] scsi target2:0:1: Beginning Domain Validation
[    4.816104] scsi target2:0:1: Domain Validation skipping write tests
[    4.819805] scsi target2:0:1: Ending Domain Validation
[    4.822837] scsi target2:0:1: asynchronous
[    4.836393] sd 2:0:0:0: Attached scsi generic sg0 type 0
[    4.839481] sd 2:0:0:0: [sda] 20971520 512-byte logical blocks: (10.7 GB/10.0 GiB)
[    4.844057] sd 2:0:1:0: Attached scsi generic sg1 type 0
[    4.845022] sd 2:0:1:0: [sdb] 20480 512-byte logical blocks: (10.5 MB/10.0 MiB)
[    4.845712] sd 2:0:1:0: [sdb] Write Protect is off
[    4.846195] sd 2:0:1:0: [sdb] Incomplete mode parameter data
[    4.846198] sd 2:0:1:0: [sdb] Assuming drive cache: write through
[    4.849944] sd 2:0:0:0: [sda] Write Protect is off
[    4.850319] sd 2:0:0:0: [sda] Incomplete mode parameter data
[    4.850455] sd 2:0:0:0: [sda] Assuming drive cache: write through
[    4.859256] sd 2:0:1:0: [sdb] Attached SCSI disk
[    4.860917]  sda: sda1
[    4.862835] sd 2:0:0:0: [sda] Attached SCSI disk
Begin: Loading essential drivers ... [    6.337765] md: linear personality registered for level -1
[    6.344091] md: multipath personality registered for level -4
[    6.350804] md: raid0 personality registered for level 0
[    6.360461] md: raid1 personality registered for level 1
[    6.433986] raid6: sse2x1   gen()  8326 MB/s
[    6.502191] raid6: sse2x1   xor()  6123 MB/s
[    6.569778] raid6: sse2x2   gen() 10017 MB/s
[    6.637775] raid6: sse2x2   xor()  6515 MB/s
[    6.705367] raid6: sse2x4   gen() 11359 MB/s
[    6.773390] raid6: sse2x4   xor()  5510 MB/s
[    6.845325] raid6: avx2x1   gen()  4996 MB/s
[    6.913373] raid6: avx2x2   gen() 17613 MB/s
[    6.981295] raid6: avx2x4   gen() 19439 MB/s
[    6.983864] raid6: using algorithm avx2x4 gen() 19439 MB/s
[    6.986949] raid6: using avx2x2 recovery algorithm
[    6.992316] xor: automatically using best checksumming function:
[    7.033491]    avx       : 22226.000 MB/sec
[    7.037875] async_tx: api initialized (async)
[    7.057427] md: raid6 personality registered for level 6
[    7.061052] md: raid5 personality registered for level 5
[    7.064002] md: raid4 personality registered for level 4
[    7.076643] md: raid10 personality registered for level 10
done.
Begin: Running /scripts/init-premount ... done.
Begin: Mounting root file system ... Begin: Running /scripts/local-top ... done.
Begin: Running /scripts/local-premount ... [    7.121386] Btrfs loaded
Scanning for Btrfs filesystems
done.
Warning: fsck not present, so skipping root file system
[    7.213586] EXT4-fs (sda1): mounted filesystem with ordered data mode. Opts: (null)
done.
Begin: Running /scripts/local-bottom ... done.
Begin: Running /scripts/init-bottom ... done.
[    7.658189] systemd[1]: systemd 229 running in system mode. (+PAM +AUDIT +SELINUX +IMA +APPARMOR +SMACK +SYSVINIT +UTMP +LIBCRYPTSETUP +GCRYPT +GNUTLS +ACL +XZ -LZ4 +SECCOMP +BLKID +ELFUTILS +KMOD -IDN)
[    7.669390] systemd[1]: Detected virtualization oracle.
[    7.672223] systemd[1]: Detected architecture x86-64.

Welcome to [1mUbuntu 16.04.6 LTS[0m!

[    7.684202] systemd[1]: Set hostname to <ubuntu>.
[    7.698942] systemd[1]: Initializing machine ID from random generator.
[    7.704063] systemd[1]: Installed transient /etc/machine-id file.
[    8.532807] systemd[1]: Started Trigger resolvconf update for networkd DNS.
[[0;32m  OK  [0m] Started Trigger resolvconf update for networkd DNS.
[    8.541291] systemd[1]: Created slice System Slice.
[[0;32m  OK  [0m] Created slice System Slice.
[    8.546961] systemd[1]: Listening on udev Kernel Socket.
[[0;32m  OK  [0m] Listening on udev Kernel Socket.
[    8.552750] systemd[1]: Reached target Encrypted Volumes.
[[0;32m  OK  [0m] Reached target Encrypted Volumes.
[    8.558888] systemd[1]: Listening on Device-mapper event daemon FIFOs.
[[0;32m  OK  [0m] Listening on Device-mapper event daemon FIFOs.
[    8.566297] systemd[1]: Listening on Syslog Socket.
[[0;32m  OK  [0m] Listening on Syslog Socket.
[    8.571752] systemd[1]: Reached target Swap.
[[0;32m  OK  [0m] Reached target Swap.
[    8.577156] systemd[1]: Created slice system-serial\x2dgetty.slice.
[[0;32m  OK  [0m] Created slice system-serial\x2dgetty.slice.
[    8.584343] systemd[1]: Created slice User and Session Slice.
[[0;32m  OK  [0m] Created slice User and Session Slice.
[    8.590609] systemd[1]: Started Forward Password Requests to Wall Directory Watch.
[[0;32m  OK  [0m] Started Forward Password Requests to Wall Directory Watch.
[    8.599763] systemd[1]: Listening on udev Control Socket.
[[0;32m  OK  [0m] Listening on udev Control Socket.
[    8.605760] systemd[1]: Listening on /dev/initctl Compatibility Named Pipe.
[[0;32m  OK  [0m] Listening on /dev/initctl Compatibility Named Pipe.
[    8.626075] systemd[1]: Listening on LVM2 poll daemon socket.
[[0;32m  OK  [0m] Listening on LVM2 poll daemon socket.
[    8.632882] systemd[1]: Listening on LVM2 metadata daemon socket.
[[0;32m  OK  [0m] Listening on LVM2 metadata daemon socket.
[    8.639788] systemd[1]: Reached target System Time Synchronized.
[[0;32m  OK  [0m] Reached target System Time Synchronized.
[    8.647368] systemd[1]: Reached target Slices.
[[0;32m  OK  [0m] Reached target Slices.
[    8.652762] systemd[1]: Reached target User and Group Name Lookups.
[[0;32m  OK  [0m] Reached target User and Group Name Lookups.
[    8.660064] systemd[1]: Listening on Journal Socket (/dev/log).
[[0;32m  OK  [0m] Listening on Journal Socket (/dev/log).
[    8.667185] systemd[1]: Listening on Journal Audit Socket.
[[0;32m  OK  [0m] Listening on Journal Audit Socket.
[    8.673529] systemd[1]: Listening on Journal Socket.
[[0;32m  OK  [0m] Listening on Journal Socket.
[    8.690350] systemd[1]: Starting Set console keymap...
         Starting Set console keymap...
[    8.698593] systemd[1]: Mounting Huge Pages File System...
         Mounting Huge Pages File System...
[    8.706092] systemd[1]: Mounting POSIX Message Queue File System...
         Mounting POSIX Message Queue File System...
[    8.724273] systemd[1]: Starting Load Kernel Modules...
         Starting Load Kernel Modules...
[    8.732583] systemd[1]: Starting Remount Root and Kernel File Systems...
         Starting Remount Root and Kernel File Systems...
[    8.741944] systemd[1]: Starting Monitoring of LVM2 mirrors, snapshots etc. using dmeventd or progress polling...
         Starting Monitoring of LVM2 mirrors... dmeventd or progress polling...
[    8.758372] systemd[1]: Mounting Debug File System...
[    8.764034] Loading iSCSI transport class v2.0-870.
         Mounting Debug File System...
[    8.771969] EXT4-fs (sda1): re-mounted. Opts: (null)
[    8.782781] systemd[1]: Starting Journal Service...
         Starting Journal Service...
[    8.792468] systemd[1]: Starting Create list of required static device nodes for the current kernel...
         Starting Create list of required st... nodes for the current kernel...
[    8.805464] iscsi: registered transport (tcp)
[    8.811489] systemd[1]: Set up automount Arbitrary Executable File Formats File System Automount Point.
[[0;32m  OK  [0m] Set up automount Arbitrary Executab...ats File System Automount Point.
[    8.853858] systemd[1]: Starting Uncomplicated firewall...
         Starting Uncomplicated firewall...
[    8.868576] systemd[1]: Starting Nameserver information manager...
         Starting Nameserver information manager...
[    8.881610] systemd[1]: Mounted POSIX Message Queue File System.
[[0;32m  OK  [0m] Mounted POSIX Message Queue File System.
[    8.898024] systemd[1]: Mounted Debug File System.
[[0;32m  OK  [0m] Mounted Debug File System.
[    8.914003] systemd[1]: Mounted Huge Pages File System.
[[0;32m  OK  [0m] Mounted Huge Pages File System.
[    8.923120] iscsi: registered transport (iser)
[    8.930088] systemd[1]: Started Journal Service.
[[0;32m  OK  [0m] Started Journal Service.
[[0;32m  OK  [0m] Started Set console keymap.
[[0;32m  OK  [0m] Started Load Kernel Modules.
[[0;32m  OK  [0m] Started Remount Root and Kernel File Systems.
[[0;32m  OK  [0m] Started Create list of required sta...ce nodes for the current kernel.
[[0;32m  OK  [0m] Started Uncomplicated firewall.
[    8.983951] random: nonblocking pool is initialized
[[0;32m  OK  [0m] Started Nameserver information manager.
[[0;32m  OK  [0m] Started LVM2 metadata daemon.
         Starting Create Static Device Nodes in /dev...
         Starting Load/Save Random Seed...
         Starting udev Coldplug all Devices...
         Mounting FUSE Control File System...
         Starting Apply Kernel Variables...
         Starting Flush Journal to Persistent Storage...
[[0;32m  OK  [0m] Mounted FUSE Control File System.
[[0;32m  OK  [0m] Started Load/Save Random Seed.
[[0;32m  OK  [0m] Started Apply Kernel Variables.
[[0;32m  OK  [0m] Started Create Static Device Nodes in /dev.
[[0;32m  OK  [0m] Started Flush Journal to Persistent Storage.
         Starting udev Kernel Device Manager...
[[0;32m  OK  [0m] Started udev Coldplug all Devices.
[[0;32m  OK  [0m] Started Monitoring of LVM2 mirrors,...ng dmeventd or progress polling.
[[0;32m  OK  [0m] Reached target Local File Systems (Pre).
[[0;32m  OK  [0m] Reached target Local File Systems.
         Starting Initial cloud-init job (pre-networking)...
         Starting Commit a transient machine-id on disk...
         Starting Set console font and keymap...
         Starting LSB: AppArmor initialization...
         Starting Tell Plymouth To Write Out Runtime Data...
         Starting Create Volatile Files and Directories...
[[0;32m  OK  [0m] Started Commit a transient machine-id on disk.
[[0;32m  OK  [0m] Started Tell Plymouth To Write Out Runtime Data.
[[0;32m  OK  [0m] Started Create Volatile Files and Directories.
         Starting Update UTMP about System Boot/Shutdown...
[[0;32m  OK  [0m] Started Update UTMP about System Boot/Shutdown.
[[0;32m  OK  [0m] Started udev Kernel Device Manager.
[[0;32m  OK  [0m] Started Dispatch Password Requests to Console Directory Watch.
[[0;32m  OK  [0m] Found device /dev/ttyS0.
[[0;32m  OK  [0m] Listening on Load/Save RF Kill Switch Status /dev/rfkill Watch.
[[0;32m  OK  [0m] Started Set console font and keymap.
[[0;32m  OK  [0m] Created slice system-getty.slice.
[[0;32m  OK  [0m] Started LSB: AppArmor initialization.
[   11.570201] cloud-init[466]: Cloud-init v. 18.5-45-g3554ffe8-0ubuntu1~16.04.1 running 'init-local' at Tue, 14 May 2019 12:33:38 +0000. Up 10.90 seconds.
[[0;32m  OK  [0m] Started Initial cloud-init job (pre-networking).
[[0;32m  OK  [0m] Reached target Network (Pre).
         Starting Raise network interfaces...
[[0;32m  OK  [0m] Started Raise network interfaces.
[[0;32m  OK  [0m] Reached target Network.
         Starting Initial cloud-init job (metadata service crawler)...
[   13.523724] cloud-init[955]: Cloud-init v. 18.5-45-g3554ffe8-0ubuntu1~16.04.1 running 'init' at Tue, 14 May 2019 12:33:39 +0000. Up 12.60 seconds.
[   13.533536] cloud-init[955]: ci-info: ++++++++++++++++++++++++++++++++++++++Net device info+++++++++++++++++++++++++++++++++++++++
[   13.539726] cloud-init[955]: ci-info: +--------+-------+----------------------------+---------------+--------+-------------------+
[   13.545932] cloud-init[955]: ci-info: | Device |   Up  |          Address           |      Mask     | Scope  |     Hw-Address    |
[   13.551146] cloud-init[955]: ci-info: +--------+-------+----------------------------+---------------+--------+-------------------+
[   13.560754] cloud-init[955]: ci-info: | enp0s3 |  True |         10.0.2.15          | 255.255.255.0 | global | 02:3a:f4:24:e2:72 |
[   13.573777] cloud-init[955]: ci-info: | enp0s3 |  True | fe80::3a:f4ff:fe24:e272/64 |       .       |  link  | 02:3a:f4:24:e2:72 |
[   13.581071] cloud-init[955]: ci-info: | enp0s8 | False |             .              |       .       |   .    | 08:00:27:c6:cf:83 |
[   13.589044] cloud-init[955]: ci-info: |   lo   |  True |         127.0.0.1          |   255.0.0.0   |  host  |         .         |
[   13.596074] cloud-init[955]: ci-info: |   lo   |  True |          ::1/128           |       .       |  host  |         .         |
[   13.602458] cloud-init[955]: ci-info: +--------+-------+----------------------------+---------------+--------+-------------------+
[   13.607778] cloud-init[955]: ci-info: +++++++++++++++++++++++++++Route IPv4 info++++++++++++++++++++++++++++
[   13.613890] cloud-init[955]: ci-info: +-------+-------------+----------+---------------+-----------+-------+
[   13.620460] cloud-init[955]: ci-info: | Route | Destination | Gateway  |    Genmask    | Interface | Flags |
[   13.625268] cloud-init[955]: ci-info: +-------+-------------+----------+---------------+-----------+-------+
[   13.630425] cloud-init[955]: ci-info: |   0   |   0.0.0.0   | 10.0.2.2 |    0.0.0.0    |   enp0s3  |   UG  |
[   13.636543] cloud-init[955]: ci-info: |   1   |   10.0.2.0  | 0.0.0.0  | 255.255.255.0 |   enp0s3  |   U   |
[   13.664701] cloud-init[955]: ci-info: +-------+-------------+----------+---------------+-----------+-------+
[   13.693912] cloud-init[955]: ci-info: +++++++++++++++++++Route IPv6 info+++++++++++++++++++
[   13.714860] cloud-init[955]: ci-info: +-------+-------------+---------+-----------+-------+
[   13.728547] cloud-init[955]: ci-info: | Route | Destination | Gateway | Interface | Flags |
[[0;32m  OK  [0m] Started Initial cloud-init job (metadata service crawler).
[   13.729162] cloud-init[955]: ci-info: +-------+-------------+---------+-----------+-------+
[   13.746382] cloud-init[955]: ci-info: |   0   |  fe80::/64  |    ::   |   enp0s3  |   U   |
[[   13.751316] cloud-init[955]: ci-info: |   3   |   ff00::/8  |    ::   |   enp0s3  |   U   |
[   13.751461] cloud-init[955]: ci-info: +-------+-------------+---------+-----------+-------+
[0;32m  OK  [0m] Reached target Network is Online.
[   13.753018] cloud-init[955]: Generating public/private rsa key pair.
[   13.765776] cloud-init[955]: Your identification has been saved in /etc/ssh/ssh_host_rsa_key.
[   13.780604] cloud-init[955]: Your public key has been saved in /etc/ssh/ssh_host_rsa_key.pub.
[   13.786402] cloud-init[955]: The key fingerprint is:
[   13.786626] cloud-init[955]: SHA256:l35I2ukp2ilkMC5BR5swia6yA+zp7A99O9EdOGaSp5Q root@ubuntu-xenial
[   13.788877] cloud-init[955]: The key's randomart image is:
         Starting iSCSI initiator daemon (iscsid)...
[   13.791702] cloud-init[955]: +---[RSA 2048]----+
[   13.804662] cloud-init[955]: | .oo.            |
[   13.816594] cloud-init[955]: |. oo.o           |
[   13.816889] [cloud-init[0;32m  OK  [0m[955]: ] |.. .o o .        |Reached target System Initialization.

[   13.816985] cloud-init[955]: | .. oE * . .     |
[   13.836531] cloud-init[955]: |o  o.oB S =      |
[   13.837126] cloud-init[955]:          |+.o .oo. B o     |Starting LXD - unix socket.

[   13.837261] cloud-init[955]: |+o.o +. . = .    |
[   13.845581] cloud-init[955]: |+o. ..o..o o     |
[   13.849656] cloud-init[955]: |o=.. .ooo.o      |
[   13.850058] cloud-init[955]: +----[SHA256]-----+
[   13.853330] cloud-init[955]: Generating public/private dsa key pair.
[   13.853961] cloud-init[955]: Your identification has been saved in /etc/ssh/ssh_host_dsa_key.
[   13.857859] cloud-init[955]: Your public key has been saved in /etc/ssh/ssh_host_dsa_key.pub.
[   13.860698] cloud-init[955]: The key fingerprint is:
[   13.863738] cloud-init[955]: SHA256:VWixj60XCAISGs1vwPEosr4tTSce+JFHqa2/xDUaPVA root@ubuntu-xenial
[[0;32m  OK  [0m] Started ACPI Events Check.
[   13.864619] cloud-init[955]: The key's randomart image is:
[[0;32m  OK  [0m] Reached target Paths.
[   13.878926] cloud-init[955]: +---[DSA 1024]----+
[[0;32m  OK  [0m] Listening on ACPID Listen Socket.
[   13.890083] cloud-init[955]: |.++o.  E  .o.    |
[   13.899766] cloud-init[955]: | o=+ ..   oo     |
[   13.900926] cloud-init[955]: |+ .o..o ..o      |
[   13.903261] cloud-init[955]: |.o  ooo. o =     |
[   13.903723] cloud-init[955]: |. ..=. =S o +    |
[   13.905951] cloud-init[955]: |.. B.++ o  . .   |
[[0;32m  OK  [0m] Listening on UUID daemon activation socket.
[   13.906153] cloud-init[955]: | .= B+    . .    |
[   13.919359] [[0;32m  OK  [0m] Listening on D-Bus System Message Bus Socket.cloud-init[955]: | .o=.      .     |
[   13.924273] cloud-init[955]: | ....o.          |
[   13.924690] cloud-init[955]: +----[SHA256]-----+
[   13.924749] cloud-init[955]: Generating public/private ecdsa key pair.
[   13.926486] cloud-init[955]: Your identification has been saved in /etc/ssh/ssh_host_ecdsa_key.
[   13.927680] cloud-init[955]: Your public key has been saved in /etc/ssh/ssh_host_ecdsa_key.pub.

[   13.930620] cloud-init[955]: The key fingerprint is:
[   13.930747] cloud-init[955]: SHA256:UFXOaTAzojj/iEmFFCTC6zm1y1+5z1wEfefs1VatoKc root@ubuntu-xenial
[   13.948406] [cloud-init[0;32m  OK  [0m[955]: ] The key's randomart image is:Started Daily apt download activities.

[[0;32m  OK  [0m] Started Daily apt upgrade and clean activities.
[   13.948476] cloud-init[955]: +---[ECDSA 256]---+
[   13.963921] cloud-init[955]: |o ..+.  o.*..    |
[   13.964289] cloud-init[955]: | o o o o ..B .  .|
[   13.968040] cloud-init[955]: |  . + +  . .*. .o|
[   13.976454] cloud-init[955]: | . . + .  .o..+.o|
[   13.978666] cloud-init[955]: |. o o . S ... .o+|
[   13.982359] cloud-init[955]: | + o o o. .o  ...|
[   13.984578] cloud-init[955]: |  o + .o. E.   . |
[   13.990854] cloud-init[955]: |   o  . + .      |
[   13.993983] cloud-init[955]: |    .. ..+       |
[   14.001660] cloud-init[955]: +----[SHA256]-----+
[   14.004389] cloud-init[955]: Generating public/private ed25519 key pair.
[   14.004985] cloud-init[955]: Your identification has been saved in /etc/ssh/ssh_host_ed25519_key.
[   14.005073] cloud-init[955]: Your public key has been saved in /etc/ssh/ssh_host_ed25519_key.pub.
[   14.021123] cloud-init[955]: The key fingerprint is:
[   14.031891] cloud-init[955]: SHA256:kQs7LCNRcGf7W+0wJdircDRghqY3AjQsPYq1szQcFQg root@ubuntu-xenial
[   14.038915] cloud-init[955]: The key's randomart image is:
[   14.050723] cloud-init[955]: +--[ED25519 256]--+
[   14.051944] cloud-init[955]: |E=.+=o*          |
[   14.059775] cloud-init[955]: |o.Boo= o +       |
[[0;32m  OK  [0m] Started Daily Cleanup of Temporary Directories.
[   14.064057] cloud-init[955]: |o=.*  o * o .    |
[   14.077683] cloud-init[955]: |o O.o. = + =     |
[   14.083405] cloud-init[955]: | ..*o.= S = .    |
[   14.090463] cloud-init[955]: |  .. o + + +     |
[   14.090752] cloud-init[955]: |        o   .    |
[   14.096955] cloud-init[955]: |                 |
[   14.099451] cloud-init[955]: |                 |
[   14.105449] cloud-init[955]: +----[SHA256]-----+
[[0;32m  OK  [0m] Reached target Timers.
         Starting Socket activation for snappy daemon.
[[0;32m  OK  [0m] Reached target Cloud-config availability.
[[0;32m  OK  [0m] Listening on LXD - unix socket.
[[0;32m  OK  [0m] Listening on Socket activation for snappy daemon.
[[0;32m  OK  [0m] Started iSCSI initiator daemon (iscsid).
         Starting Login to default iSCSI targets...
[[0;32m  OK  [0m] Reached target Sockets.
[[0;32m  OK  [0m] Reached target Basic System.
[[0;32m  OK  [0m] Started FUSE filesystem for LXC.
[[0;32m  OK  [0m] Started Unattended Upgrades Shutdown.
         Starting LSB: MD monitoring daemon...
         Starting LSB: Record successful boot for GRUB...
         Starting Login Service...
         Starting Pollinate to seed the pseudo random number generator...
         Starting LXD - container startup/shutdown...
[[0;32m  OK  [0m] Started ACPI event daemon.
[[0;32m  OK  [0m] Started Regular background program processing daemon.
[[0;32m  OK  [0m] Started D-Bus System Message Bus.
         Starting /etc/rc.local Compatibility...
         Starting Virtualbox guest utils...
         Starting Accounts Service...
         Starting System Logging Service...
[[0;32m  OK  [0m] Started Deferred execution scheduler.
         Starting Snappy daemon...
[[0;32m  OK  [0m] Started /etc/rc.local Compatibility.
[[0;32m  OK  [0m] Started System Logging Service.
[[0;32m  OK  [0m] Started Login to default iSCSI targets.
[[0;32m  OK  [0m] Started LSB: MD monitoring daemon.
[[0;32m  OK  [0m] Reached target Remote File Systems (Pre).
[[0;32m  OK  [0m] Reached target Remote File Systems.
         Starting LSB: automatic crash report generation...
         Starting Permit User Sessions...
         Starting LSB: daemon to balance interrupts for SMP systems...
         Starting LSB: Set the CPU Frequency Scaling governor to "ondemand"...
[[0;32m  OK  [0m] Started LSB: Record successful boot for GRUB.
[[0;32m  OK  [0m] Started Permit User Sessions.
[[0;32m  OK  [0m] Started Login Service.
[[0;32m  OK  [0m] Started LXD - container startup/shutdown.
         Starting Authenticate and Authorize Users to Run Privileged Tasks...
         Starting Terminate Plymouth Boot Screen...
         Starting Hold until boot process finishes up...
[[0;32m  OK  [0m] Started LSB: automatic crash report generation.
[[0;32m  OK  [0m] Started LSB: daemon to balance interrupts for SMP systems.
[[0;32m  OK  [0m] Started LSB: Set the CPU Frequency Scaling governor to "ondemand".
[[0;32m  OK  [0m] Started Terminate Plymouth Boot Screen.
[[0;32m  OK  [0m] Started Hold until boot process finishes up.
[[0;32m  OK  [0m] Started Virtualbox guest utils.
[[0;32m  OK  [0m] Started Authenticate and Authorize Users to Run Privileged Tasks.
[[0;32m  OK  [0m] Started Accounts Service.
[[0;32m  OK  [0m] Started Pollinate to seed the pseudo random number generator.
         Starting OpenBSD Secure Shell server...
[[0;32m  OK  [0m] Started Getty on tty1.
[[0;32m  OK  [0m] Started Serial Getty on ttyS0.
[[0;32m  OK  [0m] Reached target Login Prompts.
         Starting Set console scheme...
[[0;32m  OK  [0m] Started Snappy daemon.
[[0;32m  OK  [0m] Started Set console scheme.
[[0;32m  OK  [0m] Started OpenBSD Secure Shell server.
         Starting Wait until snapd is fully seeded...
[[0;32m  OK  [0m] Created slice User Slice of vagrant.
         Starting User Manager for UID 1000...
[[0;32m  OK  [0m] Started Session 1 of user vagrant.
[[0;32m  OK  [0m] Started User Manager for UID 1000.
[[0;32m  OK  [0m] Started Wait until snapd is fully seeded.
         Starting Apply the settings specified in cloud-config...
[[0;32m  OK  [0m] Reached target Multi-User System.
[[0;32m  OK  [0m] Reached target Graphical Interface.
         Starting Update UTMP about System Runlevel Changes...
[[0;32m  OK  [0m] Started Update UTMP about System Runlevel Changes.
[   17.887312] cloud-init[1360]: Generating locales (this might take a while)...
         Stopping User Manager for UID 1000...
[[0;32m  OK  [0m] Stopped User Manager for UID 1000.
[[0;32m  OK  [0m] Removed slice User Slice of vagrant.
[[0;32m  OK  [0m] Created slice User Slice of vagrant.
         Starting User Manager for UID 1000...
[[0;32m  OK  [0m] Started Session 2 of user vagrant.
[[0;32m  OK  [0m] Started User Manager for UID 1000.
[   19.695145] cloud-init[1360]:   en_US.UTF-8... done
[   19.698834] cloud-init[1360]: Generation complete.
[   20.717108] cloud-init[1360]: Cloud-init v. 18.5-45-g3554ffe8-0ubuntu1~16.04.1 running 'modules:config' at Tue, 14 May 2019 12:33:44 +0000. Up 17.54 seconds.

Ubuntu 16.04.6 LTS ubuntu-xenial ttyS0

ubuntu-xenial login: ci-info: no authorized ssh keys fingerprints found for user ubuntu.
<14>May 14 12:33:49 ec2: 
<14>May 14 12:33:49 ec2: #############################################################
<14>May 14 12:33:49 ec2: -----BEGIN SSH HOST KEY FINGERPRINTS-----
<14>May 14 12:33:49 ec2: 1024 SHA256:VWixj60XCAISGs1vwPEosr4tTSce+JFHqa2/xDUaPVA root@ubuntu-xenial (DSA)
<14>May 14 12:33:49 ec2: 256 SHA256:UFXOaTAzojj/iEmFFCTC6zm1y1+5z1wEfefs1VatoKc root@ubuntu-xenial (ECDSA)
<14>May 14 12:33:49 ec2: 256 SHA256:kQs7LCNRcGf7W+0wJdircDRghqY3AjQsPYq1szQcFQg root@ubuntu-xenial (ED25519)
<14>May 14 12:33:49 ec2: 2048 SHA256:l35I2ukp2ilkMC5BR5swia6yA+zp7A99O9EdOGaSp5Q root@ubuntu-xenial (RSA)
<14>May 14 12:33:49 ec2: -----END SSH HOST KEY FINGERPRINTS-----
<14>May 14 12:33:49 ec2: #############################################################
-----BEGIN SSH HOST KEY KEYS-----
ecdsa-sha2-nistp256 AAAAE2VjZHNhLXNoYTItbmlzdHAyNTYAAAAIbmlzdHAyNTYAAABBBPM96GMus+NycOIdAibTxPVp1h9wJaikLS0V4eNLJs/kFY7rYqcb2PvYXI8WoBb2TGOEfrwNmmIfIMHZAlxBUMA= root@ubuntu-xenial
ssh-ed25519 AAAAC3NzaC1lZDI1NTE5AAAAILc1u1rRiEZcRhAklecejfzhpYXlFJaWYeTdhqPf1gHC root@ubuntu-xenial
ssh-rsa AAAAB3NzaC1yc2EAAAADAQABAAABAQCuhhs1OQikcNI3vyiYrfq8vG+7fJ3e21OP9zAC9lRXlcjX7maQm3sgJQJ9+CqFqJLIzn82ECQBi3vE7TNZ01iRHFZSXZ/LWRIADPpqNcPMURXYce5ZWjbI0m1qgypmIdeDpqSpZQTSJe3AB9OOv4G7fUwRfMCt9pfDiMd8G8Vhi1LYOCFmIpTuIBj5WZYB+1NG5Rw6camV6qUJRuDJ1JL7cs8Urm2zZCmU3pva4XT4HyzA3ucdJeirgEty+t6VZjOFDgAg0tckTbGQFd3QJD2L4FVK47tIt7des33ktnegGxRLSHRBWBHuIqBz1WKu2DGqGMHkzt6KYb85366Y2fcP root@ubuntu-xenial
-----END SSH HOST KEY KEYS-----
[   21.789845] cloud-init[1643]: Cloud-init v. 18.5-45-g3554ffe8-0ubuntu1~16.04.1 running 'modules:final' at Tue, 14 May 2019 12:33:48 +0000. Up 21.43 seconds.
[   21.826310] cloud-init[1643]: ci-info: no authorized ssh keys fingerprints found for user ubuntu.
[   21.842673] cloud-init[1643]: Cloud-init v. 18.5-45-g3554ffe8-0ubuntu1~16.04.1 finished at Tue, 14 May 2019 12:33:49 +0000. Datasource DataSourceNoCloud [seed=/dev/sdb][dsmode=net].  Up 21.75 seconds
